This is pdfTeX, Version 3.141592653-2.6-1.40.29 (TeX Live 2026) (preloaded format=pdflatex 2026.5.28)  16 SEP 2026 11:19
entering extended mode
 restricted \write18 enabled.
 %&-line parsing enabled.
**health_measures_note.tex
(./health_measures_note.tex
LaTeX2e <2025-11-01>
L3 programming layer <2026-01-19>
(/usr/local/texlive/2026/texmf-dist/tex/latex/base/article.cls
Document Class: article 2025/01/22 v1.4n Standard LaTeX document class
(/usr/local/texlive/2026/texmf-dist/tex/latex/base/size11.clo
File: size11.clo 2025/01/22 v1.4n Standard LaTeX file (size option)
)
\c@part=\count275
\c@section=\count276
\c@subsection=\count277
\c@subsubsection=\count278
\c@paragraph=\count279
\c@subparagraph=\count280
\c@figure=\count281
\c@table=\count282
\abovecaptionskip=\skip49
\belowcaptionskip=\skip50
\bibindent=\dimen148
)
(/usr/local/texlive/2026/texmf-dist/tex/latex/geometry/geometry.sty
Package: geometry 2026/03/07 v6.0 Page Geometry

(/usr/local/texlive/2026/texmf-dist/tex/latex/graphics/keyval.sty
Package: keyval 2022/05/29 v1.15 key=value parser (DPC)
\KV@toks@=\toks17
)
(/usr/local/texlive/2026/texmf-dist/tex/generic/iftex/ifvtex.sty
Package: ifvtex 2019/10/25 v1.7 ifvtex legacy package. Use iftex instead.

(/usr/local/texlive/2026/texmf-dist/tex/generic/iftex/iftex.sty
Package: iftex 2024/12/12 v1.0g TeX engine tests
))
\Gm@cnth=\count283
\Gm@cntv=\count284
\c@Gm@tempcnt=\count285
\Gm@bindingoffset=\dimen149
\Gm@wd@mp=\dimen150
\Gm@odd@mp=\dimen151
\Gm@even@mp=\dimen152
\Gm@layoutwidth=\dimen153
\Gm@layoutheight=\dimen154
\Gm@layouthoffset=\dimen155
\Gm@layoutvoffset=\dimen156
\Gm@dimlist=\toks18
)
(/usr/local/texlive/2026/texmf-dist/tex/latex/graphics/graphicx.sty
Package: graphicx 2024/12/31 v1.2e Enhanced LaTeX Graphics (DPC,SPQR)

(/usr/local/texlive/2026/texmf-dist/tex/latex/graphics/graphics.sty
Package: graphics 2024/08/06 v1.4g Standard LaTeX Graphics (DPC,SPQR)

(/usr/local/texlive/2026/texmf-dist/tex/latex/graphics/trig.sty
Package: trig 2023/12/02 v1.11 sin cos tan (DPC)
)
(/usr/local/texlive/2026/texmf-dist/tex/latex/graphics-cfg/graphics.cfg
File: graphics.cfg 2016/06/04 v1.11 sample graphics configuration
)
Package graphics Info: Driver file: pdftex.def on input line 106.

(/usr/local/texlive/2026/texmf-dist/tex/latex/graphics-def/pdftex.def
File: pdftex.def 2025/09/29 v1.2d Graphics/color driver for pdftex
))
\Gin@req@height=\dimen157
\Gin@req@width=\dimen158
)
(/usr/local/texlive/2026/texmf-dist/tex/latex/booktabs/booktabs.sty
Package: booktabs 2020/01/12 v1.61803398 Publication quality tables
\heavyrulewidth=\dimen159
\lightrulewidth=\dimen160
\cmidrulewidth=\dimen161
\belowrulesep=\dimen162
\belowbottomsep=\dimen163
\aboverulesep=\dimen164
\abovetopsep=\dimen165
\cmidrulesep=\dimen166
\cmidrulekern=\dimen167
\defaultaddspace=\dimen168
\@cmidla=\count286
\@cmidlb=\count287
\@aboverulesep=\dimen169
\@belowrulesep=\dimen170
\@thisruleclass=\count288
\@lastruleclass=\count289
\@thisrulewidth=\dimen171
)
(/usr/local/texlive/2026/texmf-dist/tex/latex/amsmath/amsmath.sty
Package: amsmath 2025/07/09 v2.17z AMS math features
\@mathmargin=\skip51

For additional information on amsmath, use the `?' option.
(/usr/local/texlive/2026/texmf-dist/tex/latex/amsmath/amstext.sty
Package: amstext 2024/11/17 v2.01 AMS text

(/usr/local/texlive/2026/texmf-dist/tex/latex/amsmath/amsgen.sty
File: amsgen.sty 1999/11/30 v2.0 generic functions
\@emptytoks=\toks19
\ex@=\dimen172
))
(/usr/local/texlive/2026/texmf-dist/tex/latex/amsmath/amsbsy.sty
Package: amsbsy 1999/11/29 v1.2d Bold Symbols
\pmbraise@=\dimen173
)
(/usr/local/texlive/2026/texmf-dist/tex/latex/amsmath/amsopn.sty
Package: amsopn 2022/04/08 v2.04 operator names
)
\inf@bad=\count290
LaTeX Info: Redefining \frac on input line 233.
\uproot@=\count291
\leftroot@=\count292
LaTeX Info: Redefining \overline on input line 398.
LaTeX Info: Redefining \colon on input line 409.
\classnum@=\count293
\DOTSCASE@=\count294
LaTeX Info: Redefining \ldots on input line 495.
LaTeX Info: Redefining \dots on input line 498.
LaTeX Info: Redefining \cdots on input line 619.
\Mathstrutbox@=\box53
\strutbox@=\box54
LaTeX Info: Redefining \big on input line 721.
LaTeX Info: Redefining \Big on input line 722.
LaTeX Info: Redefining \bigg on input line 723.
LaTeX Info: Redefining \Bigg on input line 724.
\big@size=\dimen174
LaTeX Font Info:    Redeclaring font encoding OML on input line 742.
LaTeX Font Info:    Redeclaring font encoding OMS on input line 743.
\macc@depth=\count295
LaTeX Info: Redefining \bmod on input line 904.
LaTeX Info: Redefining \pmod on input line 909.
LaTeX Info: Redefining \smash on input line 939.
LaTeX Info: Redefining \relbar on input line 969.
LaTeX Info: Redefining \Relbar on input line 970.
\c@MaxMatrixCols=\count296
\dotsspace@=\muskip17
\c@parentequation=\count297
\dspbrk@lvl=\count298
\tag@help=\toks20
\row@=\count299
\column@=\count300
\maxfields@=\count301
\andhelp@=\toks21
\eqnshift@=\dimen175
\alignsep@=\dimen176
\tagshift@=\dimen177
\tagwidth@=\dimen178
\totwidth@=\dimen179
\lineht@=\dimen180
\@envbody=\toks22
\multlinegap=\skip52
\multlinetaggap=\skip53
\mathdisplay@stack=\toks23
LaTeX Info: Redefining \[ on input line 2950.
LaTeX Info: Redefining \] on input line 2951.
)
(/usr/local/texlive/2026/texmf-dist/tex/latex/microtype/microtype.sty
Package: microtype 2026/03/01 v3.2d Micro-typographical refinements (RS)

(/usr/local/texlive/2026/texmf-dist/tex/latex/etoolbox/etoolbox.sty
Package: etoolbox 2025/10/02 v2.5m e-TeX tools for LaTeX (JAW)
\etb@tempcnta=\count302
)
\MT@toks=\toks24
\MT@tempbox=\box55
\MT@count=\count303
LaTeX Info: Redefining \noprotrusionifhmode on input line 1084.
LaTeX Info: Redefining \leftprotrusion on input line 1085.
\MT@prot@toks=\toks25
LaTeX Info: Redefining \rightprotrusion on input line 1104.
LaTeX Info: Redefining \textls on input line 1449.
\MT@outer@kern=\dimen181
LaTeX Info: Redefining \microtypecontext on input line 2053.
LaTeX Info: Redefining \textmicrotypecontext on input line 2070.
\MT@listname@count=\count304

(/usr/local/texlive/2026/texmf-dist/tex/latex/microtype/microtype-pdftex.def
File: microtype-pdftex.def 2026/03/01 v3.2d Definitions specific to pdftex (RS)

LaTeX Info: Redefining \lsstyle on input line 944.
LaTeX Info: Redefining \lslig on input line 944.
\MT@outer@space=\skip54
)
Package microtype Info: Loading configuration file microtype.cfg.

(/usr/local/texlive/2026/texmf-dist/tex/latex/microtype/microtype.cfg
File: microtype.cfg 2026/03/01 v3.2d microtype main configuration file (RS)
)
LaTeX Info: Redefining \microtypesetup on input line 3065.
)
(/usr/local/texlive/2026/texmf-dist/tex/latex/tools/array.sty
Package: array 2025/09/25 v2.6n Tabular extension package (FMi)
\col@sep=\dimen182
\ar@mcellbox=\box56
\extrarowheight=\dimen183
\NC@list=\toks26
\extratabsurround=\skip55
\backup@length=\skip56
\ar@cellbox=\box57
)
(/usr/local/texlive/2026/texmf-dist/tex/latex/float/float.sty
Package: float 2001/11/08 v1.3d Float enhancements (AL)
\c@float@type=\count305
\float@exts=\toks27
\float@box=\box58
\@float@everytoks=\toks28
\@floatcapt=\box59
)
(/usr/local/texlive/2026/texmf-dist/tex/latex/hyperref/hyperref.sty
Package: hyperref 2026-01-29 v7.01p Hypertext links for LaTeX

(/usr/local/texlive/2026/texmf-dist/tex/latex/kvsetkeys/kvsetkeys.sty
Package: kvsetkeys 2022-10-05 v1.19 Key value parser (HO)
)
(/usr/local/texlive/2026/texmf-dist/tex/generic/kvdefinekeys/kvdefinekeys.sty
Package: kvdefinekeys 2019-12-19 v1.6 Define keys (HO)
)
(/usr/local/texlive/2026/texmf-dist/tex/generic/pdfescape/pdfescape.sty
Package: pdfescape 2019/12/09 v1.15 Implements pdfTeX's escape features (HO)

(/usr/local/texlive/2026/texmf-dist/tex/generic/ltxcmds/ltxcmds.sty
Package: ltxcmds 2023-12-04 v1.26 LaTeX kernel commands for general use (HO)
)
(/usr/local/texlive/2026/texmf-dist/tex/generic/pdftexcmds/pdftexcmds.sty
Package: pdftexcmds 2020-06-27 v0.33 Utility functions of pdfTeX for LuaTeX (HO
)

(/usr/local/texlive/2026/texmf-dist/tex/generic/infwarerr/infwarerr.sty
Package: infwarerr 2019/12/03 v1.5 Providing info/warning/error messages (HO)
)
Package pdftexcmds Info: \pdf@primitive is available.
Package pdftexcmds Info: \pdf@ifprimitive is available.
Package pdftexcmds Info: \pdfdraftmode found.
))
(/usr/local/texlive/2026/texmf-dist/tex/latex/hycolor/hycolor.sty
Package: hycolor 2020-01-27 v1.10 Color options for hyperref/bookmark (HO)
)
(/usr/local/texlive/2026/texmf-dist/tex/latex/hyperref/nameref.sty
Package: nameref 2026-01-29 v2.58 Cross-referencing by name of section

(/usr/local/texlive/2026/texmf-dist/tex/latex/refcount/refcount.sty
Package: refcount 2019/12/15 v3.6 Data extraction from label references (HO)
)
(/usr/local/texlive/2026/texmf-dist/tex/generic/gettitlestring/gettitlestring.s
ty
Package: gettitlestring 2019/12/15 v1.6 Cleanup title references (HO)
 (/usr/local/texlive/2026/texmf-dist/tex/latex/kvoptions/kvoptions.sty
Package: kvoptions 2022-06-15 v3.15 Key value format for package options (HO)
))
\c@section@level=\count306
)
(/usr/local/texlive/2026/texmf-dist/tex/generic/stringenc/stringenc.sty
Package: stringenc 2019/11/29 v1.12 Convert strings between diff. encodings (HO
)
)
\@linkdim=\dimen184
\Hy@linkcounter=\count307
\Hy@pagecounter=\count308

(/usr/local/texlive/2026/texmf-dist/tex/latex/hyperref/pd1enc.def
File: pd1enc.def 2026-01-29 v7.01p Hyperref: PDFDocEncoding definition (HO)
Now handling font encoding PD1 ...
... no UTF-8 mapping file for font encoding PD1
)
(/usr/local/texlive/2026/texmf-dist/tex/generic/intcalc/intcalc.sty
Package: intcalc 2019/12/15 v1.3 Expandable calculations with integers (HO)
)
\Hy@SavedSpaceFactor=\count309

(/usr/local/texlive/2026/texmf-dist/tex/latex/hyperref/puenc.def
File: puenc.def 2026-01-29 v7.01p Hyperref: PDF Unicode definition (HO)
Now handling font encoding PU ...
... no UTF-8 mapping file for font encoding PU
)
Package hyperref Info: Hyper figures OFF on input line 4201.
Package hyperref Info: Link nesting OFF on input line 4206.
Package hyperref Info: Hyper index ON on input line 4209.
Package hyperref Info: Plain pages OFF on input line 4216.
Package hyperref Info: Backreferencing OFF on input line 4221.
Package hyperref Info: Implicit mode ON; LaTeX internals redefined.
Package hyperref Info: Bookmarks ON on input line 4468.
\c@Hy@tempcnt=\count310

(/usr/local/texlive/2026/texmf-dist/tex/latex/url/url.sty
\Urlmuskip=\muskip18
Package: url 2013/09/16  ver 3.4  Verb mode for urls, etc.
)
LaTeX Info: Redefining \url on input line 4807.
\XeTeXLinkMargin=\dimen185

(/usr/local/texlive/2026/texmf-dist/tex/generic/bitset/bitset.sty
Package: bitset 2019/12/09 v1.3 Handle bit-vector datatype (HO)

(/usr/local/texlive/2026/texmf-dist/tex/generic/bigintcalc/bigintcalc.sty
Package: bigintcalc 2019/12/15 v1.5 Expandable calculations on big integers (HO
)
))
\Fld@menulength=\count311
\Field@Width=\dimen186
\Fld@charsize=\dimen187
Package hyperref Info: Hyper figures OFF on input line 6084.
Package hyperref Info: Link nesting OFF on input line 6089.
Package hyperref Info: Hyper index ON on input line 6092.
Package hyperref Info: backreferencing OFF on input line 6099.
Package hyperref Info: Link coloring OFF on input line 6104.
Package hyperref Info: Link coloring with OCG OFF on input line 6109.
Package hyperref Info: PDF/A mode OFF on input line 6114.
\Hy@abspage=\count312
\c@Item=\count313
\c@Hfootnote=\count314
)
Package hyperref Info: Driver (autodetected): hpdftex.

(/usr/local/texlive/2026/texmf-dist/tex/latex/hyperref/hpdftex.def
File: hpdftex.def 2026-01-29 v7.01p Hyperref driver for pdfTeX
\Fld@listcount=\count315
\c@bookmark@seq@number=\count316

(/usr/local/texlive/2026/texmf-dist/tex/latex/rerunfilecheck/rerunfilecheck.sty
Package: rerunfilecheck 2025-06-21 v1.11 Rerun checks for auxiliary files (HO)

(/usr/local/texlive/2026/texmf-dist/tex/generic/uniquecounter/uniquecounter.sty
Package: uniquecounter 2019/12/15 v1.4 Provide unlimited unique counter (HO)
)
Package uniquecounter Info: New unique counter `rerunfilecheck' on input line 2
84.
)
\Hy@SectionHShift=\skip57
) (/usr/local/texlive/2026/texmf-dist/tex/latex/xcolor/xcolor.sty
Package: xcolor 2024/09/29 v3.02 LaTeX color extensions (UK)

(/usr/local/texlive/2026/texmf-dist/tex/latex/graphics-cfg/color.cfg
File: color.cfg 2016/01/02 v1.6 sample color configuration
)
Package xcolor Info: Driver file: pdftex.def on input line 274.

(/usr/local/texlive/2026/texmf-dist/tex/latex/graphics/mathcolor.ltx)
Package xcolor Info: Model `cmy' substituted by `cmy0' on input line 1349.
Package xcolor Info: Model `hsb' substituted by `rgb' on input line 1353.
Package xcolor Info: Model `RGB' extended on input line 1365.
Package xcolor Info: Model `HTML' substituted by `rgb' on input line 1367.
Package xcolor Info: Model `Hsb' substituted by `hsb' on input line 1368.
Package xcolor Info: Model `tHsb' substituted by `hsb' on input line 1369.
Package xcolor Info: Model `HSB' substituted by `hsb' on input line 1370.
Package xcolor Info: Model `Gray' substituted by `gray' on input line 1371.
Package xcolor Info: Model `wave' substituted by `hsb' on input line 1372.
)
(/usr/local/texlive/2026/texmf-dist/tex/latex/graphics/dvipsnam.def
File: dvipsnam.def 2016/06/17 v3.0m Driver-dependent file (DPC,SPQR)
)
(/usr/local/texlive/2026/texmf-dist/tex/latex/l3backend/l3backend-pdftex.def
File: l3backend-pdftex.def 2025-10-09 L3 backend support: PDF output (pdfTeX)
\l__color_backend_stack_int=\count317
)
(./health_measures_note.aux)
\openout1 = `health_measures_note.aux'.

LaTeX Font Info:    Checking defaults for OML/cmm/m/it on input line 15.
LaTeX Font Info:    ... okay on input line 15.
LaTeX Font Info:    Checking defaults for OMS/cmsy/m/n on input line 15.
LaTeX Font Info:    ... okay on input line 15.
LaTeX Font Info:    Checking defaults for OT1/cmr/m/n on input line 15.
LaTeX Font Info:    ... okay on input line 15.
LaTeX Font Info:    Checking defaults for T1/cmr/m/n on input line 15.
LaTeX Font Info:    ... okay on input line 15.
LaTeX Font Info:    Checking defaults for TS1/cmr/m/n on input line 15.
LaTeX Font Info:    ... okay on input line 15.
LaTeX Font Info:    Checking defaults for OMX/cmex/m/n on input line 15.
LaTeX Font Info:    ... okay on input line 15.
LaTeX Font Info:    Checking defaults for U/cmr/m/n on input line 15.
LaTeX Font Info:    ... okay on input line 15.
LaTeX Font Info:    Checking defaults for PD1/pdf/m/n on input line 15.
LaTeX Font Info:    ... okay on input line 15.
LaTeX Font Info:    Checking defaults for PU/pdf/m/n on input line 15.
LaTeX Font Info:    ... okay on input line 15.

*geometry* driver: auto-detecting
*geometry* detected driver: pdftex
*geometry* verbose mode - [ preamble ] result:
* driver: pdftex
* paper: <default>
* layout: <same size as paper>
* layoutoffset:(h,v)=(0.0pt,0.0pt)
* modes: 
* h-part:(L,W,R)=(73.97733pt, 466.34035pt, 73.97733pt)
* v-part:(T,H,B)=(73.97733pt, 647.01534pt, 73.97733pt)
* \paperwidth=614.295pt
* \paperheight=794.96999pt
* \textwidth=466.34035pt
* \textheight=647.01534pt
* \oddsidemargin=1.70734pt
* \evensidemargin=1.70734pt
* \topmargin=-35.29266pt
* \headheight=12.0pt
* \headsep=25.0pt
* \topskip=11.0pt
* \footskip=30.0pt
* \marginparwidth=59.0pt
* \marginparsep=10.0pt
* \columnsep=10.0pt
* \skip\footins=10.0pt plus 4.0pt minus 2.0pt
* \hoffset=0.0pt
* \voffset=0.0pt
* \mag=1000
* \@twocolumnfalse
* \@twosidefalse
* \@mparswitchfalse
* \@reversemarginfalse
* (1in=72.27pt=25.4mm, 1cm=28.453pt)

(/usr/local/texlive/2026/texmf-dist/tex/context/base/mkii/supp-pdf.mkii
[Loading MPS to PDF converter (version 2006.09.02).]
\scratchcounter=\count318
\scratchdimen=\dimen188
\scratchbox=\box60
\nofMPsegments=\count319
\nofMParguments=\count320
\everyMPshowfont=\toks29
\MPscratchCnt=\count321
\MPscratchDim=\dimen189
\MPnumerator=\count322
\makeMPintoPDFobject=\count323
\everyMPtoPDFconversion=\toks30
) (/usr/local/texlive/2026/texmf-dist/tex/latex/epstopdf-pkg/epstopdf-base.sty
Package: epstopdf-base 2020-01-24 v2.11 Base part for package epstopdf
Package epstopdf-base Info: Redefining graphics rule for `.eps' on input line 4
85.

(/usr/local/texlive/2026/texmf-dist/tex/latex/latexconfig/epstopdf-sys.cfg
File: epstopdf-sys.cfg 2010/07/13 v1.3 Configuration of (r)epstopdf for TeX Liv
e
))
LaTeX Info: Redefining \microtypecontext on input line 15.
Package microtype Info: Applying patch `item' on input line 15.
Package microtype Info: Applying patch `toc' on input line 15.
Package microtype Info: Applying patch `eqnum' on input line 15.
Package microtype Info: Applying patch `footnote' on input line 15.
Package microtype Info: Applying patch `verbatim' on input line 15.
LaTeX Info: Redefining \microtypesetup on input line 15.
Package microtype Info: Generating PDF output.
Package microtype Info: Character protrusion enabled (level 2).
Package microtype Info: Using default protrusion set `alltext'.
Package microtype Info: Automatic font expansion enabled (level 2),
(microtype)             stretch: 20, shrink: 20, step: 1, non-selected.
Package microtype Info: Using default expansion set `alltext-nott'.
Package microtype Info: Patching command `\showhyphens'.
Package microtype Info: No adjustment of tracking.
Package microtype Info: No adjustment of interword spacing.
Package microtype Info: No adjustment of character kerning.

(/usr/local/texlive/2026/texmf-dist/tex/latex/microtype/mt-cmr.cfg
File: mt-cmr.cfg 2013/05/19 v2.2 microtype config. file: Computer Modern Roman 
(RS)
)
Package hyperref Info: Link coloring OFF on input line 15.

(./health_measures_note.out) (./health_measures_note.out)
\@outlinefile=\write3
\openout3 = `health_measures_note.out'.


Underfull \hbox (badness 1087) in paragraph at lines 29--29
[]\OT1/cmr/bx/n/10 (+20) Archived ex-ploratory work. \OT1/cmr/m/n/10 (+20) This
 note records the search over can-di-date health mea-
 []


Underfull \hbox (badness 3049) in paragraph at lines 29--29
\OT1/cmr/m/n/10 (+20) sures, not the mea-sure the project uses. The search ende
d with \OT1/cmr/bx/n/10 (+20) P-LIM3+CC\OT1/cmr/m/n/10 (+20) , re-
 []


Underfull \hbox (badness 6792) in paragraph at lines 29--29
\OT1/cmr/m/n/10 (+20) ported as $\OML/cmm/m/it/10 ^^R$\OT1/cmr/m/n/10 (+20) , $
\OML/cmm/m/it/10 h$ \OT1/cmr/m/n/10 (+20) and a ten-deficit in-dex; what that m
ea-sure is, how it is built
 []


Underfull \hbox (badness 2376) in paragraph at lines 29--29
\OT1/cmr/m/n/10 (+20) and what it de-liv-ers is \OT1/cmtt/m/n/10 measuring[]hea
lth/health[]measure[]construction.tex\OT1/cmr/m/n/10 (+20) . Read this
 []


Underfull \hbox (badness 4660) in paragraph at lines 29--29
\OT1/cmr/m/n/10 (+20) note for the al-ter-na-tives that were con-sid-ered and w
hy they lost --- 85 can-di-dates,
 []


Underfull \hbox (badness 3471) in paragraph at lines 29--29
\OT1/cmr/m/n/10 (+20) in \OT1/cmtt/m/n/10 redo[]concepts/baseline[]measure[]com
parison.xlsx\OT1/cmr/m/n/10 (+20) . Its build scripts have moved to
 []

(./health_measures_note.toc [1

{/usr/local/texlive/2026/texmf-var/fonts/map/pdftex/updmap/pdftex.map}] [2])
\tf@toc=\write4
\openout4 = `health_measures_note.toc'.


Underfull \hbox (badness 10000) in paragraph at lines 63--63
[]|\OT1/cmr/m/n/10 (+20) 1/4/7/10/13;
 []


Underfull \hbox (badness 10000) in paragraph at lines 63--63
\OT1/cmr/m/n/10 (+20) 7/9/11/13;
 []


Underfull \hbox (badness 10000) in paragraph at lines 65--66
[]|\OT1/cmr/m/n/10 (+20) excluded (biomark-ers are
 []

LaTeX Font Info:    Trying to load font information for OMS+cmtt on input line 
77.
LaTeX Font Info:    No file OMScmtt.fd. on input line 77.

LaTeX Font Warning: Font shape `OMS/cmtt/m/n' undefined
(Font)              using `OMS/cmsy/m/n' instead
(Font)              for symbol `textbraceleft' on input line 77.

[3{/usr/local/texlive/2026/texmf-dist/fonts/enc/dvips/cm-super/cm-super-ts1.enc
}] [4]
Underfull \hbox (badness 2368) in paragraph at lines 147--147
[]|\OT1/cmr/m/n/10 (+20) blood pres-sure per-sis-tently above the
 []

[5]
LaTeX Font Info:    Trying to load font information for OMS+cmr on input line 2
11.
 (/usr/local/texlive/2026/texmf-dist/tex/latex/base/omscmr.fd
File: omscmr.fd 2024/11/19 v2.5n Standard LaTeX font definitions
)
LaTeX Font Info:    Font shape `OMS/cmr/m/n' in size <10> not available
(Font)              Font shape `OMS/cmsy/m/n' tried instead on input line 211.
 [6]
<figures/fig_grm_information.png, id=333, 862.54245pt x 549.9747pt>
File: figures/fig_grm_information.png Graphic file (type png)
<use figures/fig_grm_information.png>
Package pdftex.def Info: figures/fig_grm_information.png  used on input line 31
0.
(pdftex.def)             Requested size: 466.34035pt x 297.35115pt.
 [7]
[8 <./figures/fig_grm_information.png>]
<figures/fig_moments_grid.png, id=350, 1065.2598pt x 1051.88985pt>
File: figures/fig_moments_grid.png Graphic file (type png)
<use figures/fig_moments_grid.png>
Package pdftex.def Info: figures/fig_moments_grid.png  used on input line 373.
(pdftex.def)             Requested size: 466.34035pt x 460.4896pt.
 [9] [10 <./figures/fig_moments_grid.png>]
<figures/fig_cluster_trajectories.png, id=362, 953.60265pt x 895.4253pt>
File: figures/fig_cluster_trajectories.png Graphic file (type png)
<use figures/fig_cluster_trajectories.png>
Package pdftex.def Info: figures/fig_cluster_trajectories.png  used on input li
ne 404.
(pdftex.def)             Requested size: 466.34035pt x 437.8878pt.
 [11 <./figures/fig_cluster_trajectories.png>]
<figures/fig_ever_sensitivity.png, id=372, 856.76085pt x 254.02905pt>
File: figures/fig_ever_sensitivity.png Graphic file (type png)
<use figures/fig_ever_sensitivity.png>
Package pdftex.def Info: figures/fig_ever_sensitivity.png  used on input line 4
59.
(pdftex.def)             Requested size: 466.34035pt x 138.27058pt.
 [12 <./figures/fig_ever_sensitivity.png>] [13]
<figures/fig_combined_grm_model.png, id=384, 857.8449pt x 596.9502pt>
File: figures/fig_combined_grm_model.png Graphic file (type png)
<use figures/fig_combined_grm_model.png>
Package pdftex.def Info: figures/fig_combined_grm_model.png  used on input line
 561.
(pdftex.def)             Requested size: 466.34035pt x 324.51617pt.
 [14 <./figures/fig_combined_grm_model.png>]
<figures/fig_grm_versions.png, id=394, 826.7688pt x 608.87476pt>
File: figures/fig_grm_versions.png Graphic file (type png)
<use figures/fig_grm_versions.png>
Package pdftex.def Info: figures/fig_grm_versions.png  used on input line 585.
(pdftex.def)             Requested size: 466.34035pt x 343.43884pt.
 [15 <./figures/fig_grm_versions.png>] [16]
<figures/fig_convexity.png, id=414, 1179.4464pt x 331.7193pt>
File: figures/fig_convexity.png Graphic file (type png)
<use figures/fig_convexity.png>
Package pdftex.def Info: figures/fig_convexity.png  used on input line 739.
(pdftex.def)             Requested size: 466.34035pt x 131.15675pt.
 [17] [18 <./figures/fig_convexity.png>] [19]
<figures/fig_convexity_detail.png, id=434, 962.6364pt x 364.2408pt>
File: figures/fig_convexity_detail.png Graphic file (type png)
<use figures/fig_convexity_detail.png>
Package pdftex.def Info: figures/fig_convexity_detail.png  used on input line 8
77.
(pdftex.def)             Requested size: 466.34035pt x 176.45093pt.
 [20 <./figures/fig_convexity_detail.png>] [21]
<figures/fig_expected_cost.png, id=448, 948.54375pt x 347.98006pt>
File: figures/fig_expected_cost.png Graphic file (type png)
<use figures/fig_expected_cost.png>
Package pdftex.def Info: figures/fig_expected_cost.png  used on input line 1017
.
(pdftex.def)             Requested size: 466.34035pt x 171.07985pt.
 [22 <./figures/fig_expected_cost.png>]
[23] [24] [25]
<figures/fig_trajectory_comparison.png, id=480, 894.34125pt x 897.5934pt>
File: figures/fig_trajectory_comparison.png Graphic file (type png)
<use figures/fig_trajectory_comparison.png>
Package pdftex.def Info: figures/fig_trajectory_comparison.png  used on input l
ine 1274.
(pdftex.def)             Requested size: 466.34035pt x 468.0387pt.
 [26] [27 <./figures/fig_trajectory_comparison.png>] [28]
[29] [30] [31] [32] [33]
<figures/fig_k4_trajectories.png, id=529, 830.02095pt x 629.4717pt>
File: figures/fig_k4_trajectories.png Graphic file (type png)
<use figures/fig_k4_trajectories.png>
Package pdftex.def Info: figures/fig_k4_trajectories.png  used on input line 17
34.
(pdftex.def)             Requested size: 466.34035pt x 353.66394pt.
 [34 <./figures/fig_k4_trajectories.png>]
<figures/fig_k4_structure.png, id=537, 948.54375pt x 557.9244pt>
File: figures/fig_k4_structure.png Graphic file (type png)
<use figures/fig_k4_structure.png>
Package pdftex.def Info: figures/fig_k4_structure.png  used on input line 1807.

(pdftex.def)             Requested size: 466.34035pt x 274.29625pt.
 [35] [36 <./figures/fig_k4_structure.png>] [37] [38] [39] [40]
<figures/fig_multidim_trajectories.png, id=586, 1059.83955pt x 910.602pt>
File: figures/fig_multidim_trajectories.png Graphic file (type png)
<use figures/fig_multidim_trajectories.png>
Package pdftex.def Info: figures/fig_multidim_trajectories.png  used on input l
ine 2150.
(pdftex.def)             Requested size: 466.34035pt x 400.68001pt.
 [41] [42 <./figures/fig_multidim_trajectories.png>] [43]
<figures/fig_multidim_mortality.png, id=611, 790.99515pt x 343.64384pt>
File: figures/fig_multidim_mortality.png Graphic file (type png)
<use figures/fig_multidim_mortality.png>
Package pdftex.def Info: figures/fig_multidim_mortality.png  used on input line
 2322.
(pdftex.def)             Requested size: 466.34035pt x 202.60129pt.
 [44] [45 <./figures/fig_multidim_mortality.png>]
<figures/fig_outcome_prediction.png, id=626, 979.61984pt x 386.28316pt>
File: figures/fig_outcome_prediction.png Graphic file (type png)
<use figures/fig_outcome_prediction.png>
Package pdftex.def Info: figures/fig_outcome_prediction.png  used on input line
 2382.
(pdftex.def)             Requested size: 466.34035pt x 183.8872pt.

[46 <./figures/fig_outcome_prediction.png>]
<figures/fig_cost_convexity.png, id=636, 988.6536pt x 359.9046pt>
File: figures/fig_cost_convexity.png Graphic file (type png)
<use figures/fig_cost_convexity.png>
Package pdftex.def Info: figures/fig_cost_convexity.png  used on input line 247
8.
(pdftex.def)             Requested size: 466.34035pt x 169.76476pt.
 [47] [48 <./figures/fig_cost_convexity.png>]
<figures/fig_cost_age_interaction.png, id=649, 1078.9911pt x 628.749pt>
File: figures/fig_cost_age_interaction.png Graphic file (type png)
<use figures/fig_cost_age_interaction.png>
Package pdftex.def Info: figures/fig_cost_age_interaction.png  used on input li
ne 2532.
(pdftex.def)             Requested size: 466.34035pt x 271.74791pt.
 [49 <./figures/fig_cost_age_interaction.png>] [50]
(./tables/lim_categories.tex) (./tables/lim_fit.tex [51])
(./tables/lim_criteria.tex) [52] (./tables/lim_ident.tex [53]) [54]
(./tables/lim_weights_a.tex [55]) (./tables/lim_weights_b.tex [56])
<figures/fig_lim_exhibit1_pfunc.png, id=695, 671.3883pt x 494.68816pt>
File: figures/fig_lim_exhibit1_pfunc.png Graphic file (type png)
<use figures/fig_lim_exhibit1_pfunc.png>
Package pdftex.def Info: figures/fig_lim_exhibit1_pfunc.png  used on input line
 2833.
(pdftex.def)             Requested size: 466.34035pt x 343.60724pt.
 [57]
<figures/fig_lim_bars_pfunc.png, id=700, 592.25266pt x 732.8178pt>
File: figures/fig_lim_bars_pfunc.png Graphic file (type png)
<use figures/fig_lim_bars_pfunc.png>
Package pdftex.def Info: figures/fig_lim_bars_pfunc.png  used on input line 284
4.
(pdftex.def)             Requested size: 466.34035pt x 577.0188pt.

[58 <./figures/fig_lim_exhibit1_pfunc.png>]
<figures/fig_lim_bars_case4_pfunc.png, id=707, 585.74835pt x 414.8298pt>
File: figures/fig_lim_bars_case4_pfunc.png Graphic file (type png)
<use figures/fig_lim_bars_case4_pfunc.png>
Package pdftex.def Info: figures/fig_lim_bars_case4_pfunc.png  used on input li
ne 2853.
(pdftex.def)             Requested size: 466.34035pt x 330.27551pt.
 [59 <./figures/fig_lim_bars_pfunc.png>]
<figures/fig_lim_clusters_pfunc.png, id=716, 535.5207pt x 279.32355pt>
File: figures/fig_lim_clusters_pfunc.png Graphic file (type png)
<use figures/fig_lim_clusters_pfunc.png>
Package pdftex.def Info: figures/fig_lim_clusters_pfunc.png  used on input line
 2860.
(pdftex.def)             Requested size: 466.34035pt x 243.24818pt.
 [60 <./figures/fig_lim_bars_case4_pfunc.png>]
<figures/fig_lim_exhibit1_plim1.png, id=723, 671.3883pt x 494.68816pt>
File: figures/fig_lim_exhibit1_plim1.png Graphic file (type png)
<use figures/fig_lim_exhibit1_plim1.png>
Package pdftex.def Info: figures/fig_lim_exhibit1_plim1.png  used on input line
 2873.
(pdftex.def)             Requested size: 466.34035pt x 343.60724pt.
 [61 <./figures/fig_lim_clusters_pfunc.png>]
<figures/fig_lim_bars_plim1.png, id=734, 585.74835pt x 732.8178pt>
File: figures/fig_lim_bars_plim1.png Graphic file (type png)
<use figures/fig_lim_bars_plim1.png>
Package pdftex.def Info: figures/fig_lim_bars_plim1.png  used on input line 288
0.
(pdftex.def)             Requested size: 466.34035pt x 583.44838pt.
 [62 <./figures/fig_lim_exhibit1_plim1.png>]
<figures/fig_lim_bars_case4_plim1.png, id=742, 585.74835pt x 414.8298pt>
File: figures/fig_lim_bars_case4_plim1.png Graphic file (type png)
<use figures/fig_lim_bars_case4_plim1.png>
Package pdftex.def Info: figures/fig_lim_bars_case4_plim1.png  used on input li
ne 2887.
(pdftex.def)             Requested size: 466.34035pt x 330.27551pt.
 [63 <./figures/fig_lim_bars_plim1.png>]
<figures/fig_lim_clusters_plim1.png, id=749, 535.5207pt x 279.32355pt>
File: figures/fig_lim_clusters_plim1.png Graphic file (type png)
<use figures/fig_lim_clusters_plim1.png>
Package pdftex.def Info: figures/fig_lim_clusters_plim1.png  used on input line
 2894.
(pdftex.def)             Requested size: 466.34035pt x 243.24818pt.
 [64 <./figures/fig_lim_bars_case4_plim1.png>]
<figures/fig_lim_exhibit1_plim.png, id=757, 671.3883pt x 494.68816pt>
File: figures/fig_lim_exhibit1_plim.png Graphic file (type png)
<use figures/fig_lim_exhibit1_plim.png>
Package pdftex.def Info: figures/fig_lim_exhibit1_plim.png  used on input line 
2906.
(pdftex.def)             Requested size: 466.34035pt x 343.60724pt.
 [65 <./figures/fig_lim_clusters_plim1.png>]
<figures/fig_lim_bars_plim.png, id=765, 585.74835pt x 732.8178pt>
File: figures/fig_lim_bars_plim.png Graphic file (type png)
<use figures/fig_lim_bars_plim.png>
Package pdftex.def Info: figures/fig_lim_bars_plim.png  used on input line 2912
.
(pdftex.def)             Requested size: 466.34035pt x 583.44838pt.
 [66 <./figures/fig_lim_exhibit1_plim.png>]
<figures/fig_lim_bars_case4_plim.png, id=773, 585.74835pt x 414.8298pt>
File: figures/fig_lim_bars_case4_plim.png Graphic file (type png)
<use figures/fig_lim_bars_case4_plim.png>
Package pdftex.def Info: figures/fig_lim_bars_case4_plim.png  used on input lin
e 2919.
(pdftex.def)             Requested size: 466.34035pt x 330.27551pt.

[67 <./figures/fig_lim_bars_plim.png>]
<figures/fig_lim_clusters_plim.png, id=781, 535.5207pt x 279.32355pt>
File: figures/fig_lim_clusters_plim.png Graphic file (type png)
<use figures/fig_lim_clusters_plim.png>
Package pdftex.def Info: figures/fig_lim_clusters_plim.png  used on input line 
2926.
(pdftex.def)             Requested size: 466.34035pt x 243.24818pt.
 [68 <./figures/fig_lim_bars_case4_plim.png>]
<figures/fig_lim_exhibit1_plim4.png, id=789, 671.3883pt x 494.68816pt>
File: figures/fig_lim_exhibit1_plim4.png Graphic file (type png)
<use figures/fig_lim_exhibit1_plim4.png>
Package pdftex.def Info: figures/fig_lim_exhibit1_plim4.png  used on input line
 2940.
(pdftex.def)             Requested size: 466.34035pt x 343.60724pt.
 [69 <./figures/fig_lim_clusters_plim.png>]
<figures/fig_lim_bars_plim4.png, id=797, 585.74835pt x 732.8178pt>
File: figures/fig_lim_bars_plim4.png Graphic file (type png)
<use figures/fig_lim_bars_plim4.png>
Package pdftex.def Info: figures/fig_lim_bars_plim4.png  used on input line 294
6.
(pdftex.def)             Requested size: 466.34035pt x 583.44838pt.
 [70 <./figures/fig_lim_exhibit1_plim4.png>]
<figures/fig_lim_bars_case4_plim4.png, id=805, 585.74835pt x 414.8298pt>
File: figures/fig_lim_bars_case4_plim4.png Graphic file (type png)
<use figures/fig_lim_bars_case4_plim4.png>
Package pdftex.def Info: figures/fig_lim_bars_case4_plim4.png  used on input li
ne 2953.
(pdftex.def)             Requested size: 466.34035pt x 330.27551pt.
 [71 <./figures/fig_lim_bars_plim4.png>]
<figures/fig_lim_clusters_plim4.png, id=812, 535.5207pt x 279.32355pt>
File: figures/fig_lim_clusters_plim4.png Graphic file (type png)
<use figures/fig_lim_clusters_plim4.png>
Package pdftex.def Info: figures/fig_lim_clusters_plim4.png  used on input line
 2960.
(pdftex.def)             Requested size: 466.34035pt x 243.24818pt.
 [72 <./figures/fig_lim_bars_case4_plim4.png>]
<figures/fig_lim_exhibit1_plim3.png, id=820, 671.3883pt x 494.68816pt>
File: figures/fig_lim_exhibit1_plim3.png Graphic file (type png)
<use figures/fig_lim_exhibit1_plim3.png>
Package pdftex.def Info: figures/fig_lim_exhibit1_plim3.png  used on input line
 2975.
(pdftex.def)             Requested size: 466.34035pt x 343.60724pt.
 [73 <./figures/fig_lim_clusters_plim4.png>]
<figures/fig_lim_bars_plim3.png, id=829, 585.74835pt x 732.8178pt>
File: figures/fig_lim_bars_plim3.png Graphic file (type png)
<use figures/fig_lim_bars_plim3.png>
Package pdftex.def Info: figures/fig_lim_bars_plim3.png  used on input line 298
1.
(pdftex.def)             Requested size: 466.34035pt x 583.44838pt.
 [74 <./figures/fig_lim_exhibit1_plim3.png>]
<figures/fig_lim_bars_case4_plim3.png, id=837, 585.74835pt x 414.8298pt>
File: figures/fig_lim_bars_case4_plim3.png Graphic file (type png)
<use figures/fig_lim_bars_case4_plim3.png>
Package pdftex.def Info: figures/fig_lim_bars_case4_plim3.png  used on input li
ne 2988.
(pdftex.def)             Requested size: 466.34035pt x 330.27551pt.
 [75 <./figures/fig_lim_bars_plim3.png>]
<figures/fig_lim_clusters_plim3.png, id=844, 535.5207pt x 279.32355pt>
File: figures/fig_lim_clusters_plim3.png Graphic file (type png)
<use figures/fig_lim_clusters_plim3.png>
Package pdftex.def Info: figures/fig_lim_clusters_plim3.png  used on input line
 2995.
(pdftex.def)             Requested size: 466.34035pt x 243.24818pt.
 [76 <./figures/fig_lim_bars_case4_plim3.png>]
<figures/fig_lim_exhibit1_plim3o.png, id=852, 671.3883pt x 494.68816pt>
File: figures/fig_lim_exhibit1_plim3o.png Graphic file (type png)
<use figures/fig_lim_exhibit1_plim3o.png>
Package pdftex.def Info: figures/fig_lim_exhibit1_plim3o.png  used on input lin
e 3008.
(pdftex.def)             Requested size: 466.34035pt x 343.60724pt.
 [77 <./figures/fig_lim_clusters_plim3.png>]
<figures/fig_lim_bars_plim3o.png, id=860, 585.74835pt x 732.8178pt>
File: figures/fig_lim_bars_plim3o.png Graphic file (type png)
<use figures/fig_lim_bars_plim3o.png>
Package pdftex.def Info: figures/fig_lim_bars_plim3o.png  used on input line 30
14.
(pdftex.def)             Requested size: 466.34035pt x 583.44838pt.
[78 <./figures/fig_lim_exhibit1_plim3o.png>]
<figures/fig_lim_bars_case4_plim3o.png, id=868, 585.74835pt x 414.8298pt>
File: figures/fig_lim_bars_case4_plim3o.png Graphic file (type png)
<use figures/fig_lim_bars_case4_plim3o.png>
Package pdftex.def Info: figures/fig_lim_bars_case4_plim3o.png  used on input l
ine 3021.
(pdftex.def)             Requested size: 466.34035pt x 330.27551pt.
 [79 <./figures/fig_lim_bars_plim3o.png>]
<figures/fig_lim_clusters_plim3o.png, id=876, 535.5207pt x 279.32355pt>
File: figures/fig_lim_clusters_plim3o.png Graphic file (type png)
<use figures/fig_lim_clusters_plim3o.png>
Package pdftex.def Info: figures/fig_lim_clusters_plim3o.png  used on input lin
e 3028.
(pdftex.def)             Requested size: 466.34035pt x 243.24818pt.
 [80 <./figures/fig_lim_bars_case4_plim3o.png>] [81 <./figures/fig_lim_clusters
_plim3o.png>] (./tables/con_categories.tex) (./tables/con_fit.tex)
(./tables/con_criteria.tex [82]) (./tables/con_ident.tex [83])
(./tables/con_weights.tex [84])
<figures/fig_con_exhibit1_plim1.png, id=907, 671.3883pt x 494.68816pt>
File: figures/fig_con_exhibit1_plim1.png Graphic file (type png)
<use figures/fig_con_exhibit1_plim1.png>
Package pdftex.def Info: figures/fig_con_exhibit1_plim1.png  used on input line
 3160.
(pdftex.def)             Requested size: 466.34035pt x 343.60724pt.
 [85]
<figures/fig_con_bars_plim1.png, id=915, 596.9502pt x 732.8178pt>
File: figures/fig_con_bars_plim1.png Graphic file (type png)
<use figures/fig_con_bars_plim1.png>
Package pdftex.def Info: figures/fig_con_bars_plim1.png  used on input line 316
8.
(pdftex.def)             Requested size: 466.34035pt x 572.49014pt.
 [86 <./figures/fig_con_exhibit1_plim1.png>]
<figures/fig_con_bars_case4_plim1.png, id=923, 585.74835pt x 414.8298pt>
File: figures/fig_con_bars_case4_plim1.png Graphic file (type png)
<use figures/fig_con_bars_case4_plim1.png>
Package pdftex.def Info: figures/fig_con_bars_case4_plim1.png  used on input li
ne 3175.
(pdftex.def)             Requested size: 466.34035pt x 330.27551pt.
 [87 <./figures/fig_con_bars_plim1.png>]
<figures/fig_con_clusters_plim1.png, id=931, 535.5207pt x 279.32355pt>
File: figures/fig_con_clusters_plim1.png Graphic file (type png)
<use figures/fig_con_clusters_plim1.png>
Package pdftex.def Info: figures/fig_con_clusters_plim1.png  used on input line
 3182.
(pdftex.def)             Requested size: 466.34035pt x 243.24818pt.
 [88 <./figures/fig_con_bars_case4_plim1.png>]
<figures/fig_con_exhibit1_plim.png, id=940, 671.3883pt x 494.68816pt>
File: figures/fig_con_exhibit1_plim.png Graphic file (type png)
<use figures/fig_con_exhibit1_plim.png>
Package pdftex.def Info: figures/fig_con_exhibit1_plim.png  used on input line 
3191.
(pdftex.def)             Requested size: 466.34035pt x 343.60724pt.
 [89 <./figures/fig_con_clusters_plim1.png>]
<figures/fig_con_bars_plim.png, id=949, 590.4459pt x 732.8178pt>
File: figures/fig_con_bars_plim.png Graphic file (type png)
<use figures/fig_con_bars_plim.png>
Package pdftex.def Info: figures/fig_con_bars_plim.png  used on input line 3199
.
(pdftex.def)             Requested size: 466.34035pt x 578.78554pt.
 [90 <./figures/fig_con_exhibit1_plim.png>]
<figures/fig_con_bars_case4_plim.png, id=957, 585.74835pt x 414.8298pt>
File: figures/fig_con_bars_case4_plim.png Graphic file (type png)
<use figures/fig_con_bars_case4_plim.png>
Package pdftex.def Info: figures/fig_con_bars_case4_plim.png  used on input lin
e 3206.
(pdftex.def)             Requested size: 466.34035pt x 330.27551pt.
 [91 <./figures/fig_con_bars_plim.png>]
<figures/fig_con_clusters_plim.png, id=966, 535.5207pt x 279.32355pt>
File: figures/fig_con_clusters_plim.png Graphic file (type png)
<use figures/fig_con_clusters_plim.png>
Package pdftex.def Info: figures/fig_con_clusters_plim.png  used on input line 
3213.
(pdftex.def)             Requested size: 466.34035pt x 243.24818pt.
<figures/fig_con_exhibit1_plim4.png, id=969, 671.3883pt x 494.68816pt>
File: figures/fig_con_exhibit1_plim4.png Graphic file (type png)
<use figures/fig_con_exhibit1_plim4.png>
Package pdftex.def Info: figures/fig_con_exhibit1_plim4.png  used on input line
 3222.
(pdftex.def)             Requested size: 466.34035pt x 343.60724pt.
 [92 <./figures/fig_con_bars_case4_plim.png> <./figures/fig_con_clusters_plim.p
ng>]
<figures/fig_con_bars_plim4.png, id=980, 590.4459pt x 732.8178pt>
File: figures/fig_con_bars_plim4.png Graphic file (type png)
<use figures/fig_con_bars_plim4.png>
Package pdftex.def Info: figures/fig_con_bars_plim4.png  used on input line 323
0.
(pdftex.def)             Requested size: 466.34035pt x 578.78554pt.
 [93 <./figures/fig_con_exhibit1_plim4.png>]
<figures/fig_con_bars_case4_plim4.png, id=988, 585.74835pt x 414.8298pt>
File: figures/fig_con_bars_case4_plim4.png Graphic file (type png)
<use figures/fig_con_bars_case4_plim4.png>
Package pdftex.def Info: figures/fig_con_bars_case4_plim4.png  used on input li
ne 3237.
(pdftex.def)             Requested size: 466.34035pt x 330.27551pt.
 [94 <./figures/fig_con_bars_plim4.png>]
<figures/fig_con_clusters_plim4.png, id=996, 535.5207pt x 279.32355pt>
File: figures/fig_con_clusters_plim4.png Graphic file (type png)
<use figures/fig_con_clusters_plim4.png>
Package pdftex.def Info: figures/fig_con_clusters_plim4.png  used on input line
 3244.
(pdftex.def)             Requested size: 466.34035pt x 243.24818pt.
 [95 <./figures/fig_con_bars_case4_plim4.png>]
<figures/fig_con_exhibit1_plim3.png, id=1005, 671.3883pt x 494.68816pt>
File: figures/fig_con_exhibit1_plim3.png Graphic file (type png)
<use figures/fig_con_exhibit1_plim3.png>
Package pdftex.def Info: figures/fig_con_exhibit1_plim3.png  used on input line
 3253.
(pdftex.def)             Requested size: 466.34035pt x 343.60724pt.
 [96 <./figures/fig_con_clusters_plim4.png>]
<figures/fig_con_bars_plim3.png, id=1014, 590.4459pt x 732.8178pt>
File: figures/fig_con_bars_plim3.png Graphic file (type png)
<use figures/fig_con_bars_plim3.png>
Package pdftex.def Info: figures/fig_con_bars_plim3.png  used on input line 326
1.
(pdftex.def)             Requested size: 466.34035pt x 578.78554pt.

[97 <./figures/fig_con_exhibit1_plim3.png>]
<figures/fig_con_bars_case4_plim3.png, id=1023, 585.74835pt x 414.8298pt>
File: figures/fig_con_bars_case4_plim3.png Graphic file (type png)
<use figures/fig_con_bars_case4_plim3.png>
Package pdftex.def Info: figures/fig_con_bars_case4_plim3.png  used on input li
ne 3268.
(pdftex.def)             Requested size: 466.34035pt x 330.27551pt.
 [98 <./figures/fig_con_bars_plim3.png>]
<figures/fig_con_clusters_plim3.png, id=1031, 535.5207pt x 279.32355pt>
File: figures/fig_con_clusters_plim3.png Graphic file (type png)
<use figures/fig_con_clusters_plim3.png>
Package pdftex.def Info: figures/fig_con_clusters_plim3.png  used on input line
 3275.
(pdftex.def)             Requested size: 466.34035pt x 243.24818pt.
 [99 <./figures/fig_con_bars_case4_plim3.png>]
<figures/fig_con_exhibit1_plim3o.png, id=1041, 671.3883pt x 494.68816pt>
File: figures/fig_con_exhibit1_plim3o.png Graphic file (type png)
<use figures/fig_con_exhibit1_plim3o.png>
Package pdftex.def Info: figures/fig_con_exhibit1_plim3o.png  used on input lin
e 3284.
(pdftex.def)             Requested size: 466.34035pt x 343.60724pt.
 [100 <./figures/fig_con_clusters_plim3.png>]
<figures/fig_con_bars_plim3o.png, id=1050, 596.9502pt x 732.8178pt>
File: figures/fig_con_bars_plim3o.png Graphic file (type png)
<use figures/fig_con_bars_plim3o.png>
Package pdftex.def Info: figures/fig_con_bars_plim3o.png  used on input line 32
92.
(pdftex.def)             Requested size: 466.34035pt x 572.49014pt.
 [101 <./figures/fig_con_exhibit1_plim3o.png>]
<figures/fig_con_bars_case4_plim3o.png, id=1058, 586.1097pt x 414.8298pt>
File: figures/fig_con_bars_case4_plim3o.png Graphic file (type png)
<use figures/fig_con_bars_case4_plim3o.png>
Package pdftex.def Info: figures/fig_con_bars_case4_plim3o.png  used on input l
ine 3299.
(pdftex.def)             Requested size: 466.34035pt x 330.06662pt.
 [102 <./figures/fig_con_bars_plim3o.png>]
<figures/fig_con_clusters_plim3o.png, id=1066, 535.5207pt x 279.32355pt>
File: figures/fig_con_clusters_plim3o.png Graphic file (type png)
<use figures/fig_con_clusters_plim3o.png>
Package pdftex.def Info: figures/fig_con_clusters_plim3o.png  used on input lin
e 3306.
(pdftex.def)             Requested size: 466.34035pt x 243.24818pt.
 [103 <./figures/fig_con_bars_case4_plim3o.png>]
[104 <./figures/fig_con_clusters_plim3o.png>]
Overfull \hbox (0.52646pt too wide) in paragraph at lines 3374--3374
[]|\OT1/cmtt/m/n/10 data[]cleaning/03[]build[]measures.py|  
 []

[105] [106]
Overfull \vbox (7.83041pt too high) has occurred while \output is active []


[107] [108] (./health_measures_note.aux)
 ***********
LaTeX2e <2025-11-01>
L3 programming layer <2026-01-19>
 ***********


LaTeX Font Warning: Some font shapes were not available, defaults substituted.

Package rerunfilecheck Info: File `health_measures_note.out' has not changed.
(rerunfilecheck)             Checksum: D6A710A43583E5A93E1EBB3E301E3CDA;11082.
 ) 
Here is how much of TeX's memory you used:
 14027 strings out of 467525
 230497 string characters out of 5418982
 725557 words of memory out of 5000000
 42076 multiletter control sequences out of 15000+600000
 656044 words of font info for 304 fonts, out of 8000000 for 9000
 1141 hyphenation exceptions out of 8191
 75i,13n,84p,1989b,605s stack positions out of 10000i,1000n,20000p,200000b,200000s
</usr/local/texlive/2026/texmf-dist/fonts/type1/public/amsfonts/cm/cmbx10.pfb
></usr/local/texlive/2026/texmf-dist/fonts/type1/public/amsfonts/cm/cmbx12.pfb>
</usr/local/texlive/2026/texmf-dist/fonts/type1/public/amsfonts/cm/cmbx9.pfb></
usr/local/texlive/2026/texmf-dist/fonts/type1/public/amsfonts/cm/cmex10.pfb></u
sr/local/texlive/2026/texmf-dist/fonts/type1/public/amsfonts/cm/cmmi10.pfb></us
r/local/texlive/2026/texmf-dist/fonts/type1/public/amsfonts/cm/cmmi6.pfb></usr/
local/texlive/2026/texmf-dist/fonts/type1/public/amsfonts/cm/cmmi7.pfb></usr/lo
cal/texlive/2026/texmf-dist/fonts/type1/public/amsfonts/cm/cmmi8.pfb></usr/loca
l/texlive/2026/texmf-dist/fonts/type1/public/amsfonts/cm/cmmi9.pfb></usr/local/
texlive/2026/texmf-dist/fonts/type1/public/amsfonts/cm/cmr10.pfb></usr/local/te
xlive/2026/texmf-dist/fonts/type1/public/amsfonts/cm/cmr12.pfb></usr/local/texl
ive/2026/texmf-dist/fonts/type1/public/amsfonts/cm/cmr17.pfb></usr/local/texliv
e/2026/texmf-dist/fonts/type1/public/amsfonts/cm/cmr6.pfb></usr/local/texlive/2
026/texmf-dist/fonts/type1/public/amsfonts/cm/cmr7.pfb></usr/local/texlive/2026
/texmf-dist/fonts/type1/public/amsfonts/cm/cmr8.pfb></usr/local/texlive/2026/te
xmf-dist/fonts/type1/public/amsfonts/cm/cmr9.pfb></usr/local/texlive/2026/texmf
-dist/fonts/type1/public/amsfonts/cm/cmsy10.pfb></usr/local/texlive/2026/texmf-
dist/fonts/type1/public/amsfonts/cm/cmsy6.pfb></usr/local/texlive/2026/texmf-di
st/fonts/type1/public/amsfonts/cm/cmsy7.pfb></usr/local/texlive/2026/texmf-dist
/fonts/type1/public/amsfonts/cm/cmsy8.pfb></usr/local/texlive/2026/texmf-dist/f
onts/type1/public/amsfonts/cm/cmsy9.pfb></usr/local/texlive/2026/texmf-dist/fon
ts/type1/public/amsfonts/cm/cmti10.pfb></usr/local/texlive/2026/texmf-dist/font
s/type1/public/amsfonts/cm/cmti9.pfb></usr/local/texlive/2026/texmf-dist/fonts/
type1/public/amsfonts/cm/cmtt10.pfb></usr/local/texlive/2026/texmf-dist/fonts/t
ype1/public/cm-super/sfbx1095.pfb></usr/local/texlive/2026/texmf-dist/fonts/typ
e1/public/cm-super/sfrm0800.pfb></usr/local/texlive/2026/texmf-dist/fonts/type1
/public/cm-super/sfrm1000.pfb></usr/local/texlive/2026/texmf-dist/fonts/type1/p
ublic/cm-super/sfrm1095.pfb>
Output written on health_measures_note.pdf (108 pages, 11049022 bytes).
PDF statistics:
 1297 PDF objects out of 1440 (max. 8388607)
 984 compressed objects within 10 object streams
 252 named destinations out of 1000 (max. 500000)
 65266 words of extra memory for PDF output out of 74296 (max. 10000000)

