\BOOKMARK [0][-]{part.1}{\376\377\000I\000\040\000T\000h\000e\000\040\000h\000e\000a\000l\000t\000h\000\040\000m\000e\000a\000s\000u\000r\000e}{}% 1
\BOOKMARK [1][-]{section.1}{\376\377\000T\000h\000e\000\040\000m\000e\000a\000s\000u\000r\000e\000\040\000f\000o\000r\000\040\000a\000n\000\040\000e\000c\000o\000n\000o\000m\000i\000c\000s\000\040\000r\000e\000a\000d\000e\000r}{part.1}% 2
\BOOKMARK [2][-]{subsection.1.1}{\376\377\000W\000h\000a\000t\000\040\000i\000t\000\040\000i\000s}{section.1}% 3
\BOOKMARK [2][-]{subsection.1.2}{\376\377\000W\000h\000y\000\040\000n\000o\000t\000\040\000s\000o\000m\000e\000t\000h\000i\000n\000g\000\040\000o\000f\000f\000\040\000t\000h\000e\000\040\000s\000h\000e\000l\000f}{section.1}% 4
\BOOKMARK [2][-]{subsection.1.3}{\376\377\000T\000h\000r\000e\000e\000\040\000v\000e\000r\000s\000i\000o\000n\000s\000\040\000o\000f\000\040\000t\000h\000e\000\040\000s\000a\000m\000e\000\040\000s\000c\000o\000r\000e}{section.1}% 5
\BOOKMARK [2][-]{subsection.1.4}{\376\377\000W\000h\000a\000t\000\040\000t\000h\000e\000\040\000s\000c\000a\000l\000e\000\040\000c\000h\000o\000i\000c\000e\000\040\000d\000o\000e\000s\000\040\000a\000n\000d\000\040\000d\000o\000e\000s\000\040\000n\000o\000t\000\040\000c\000h\000a\000n\000g\000e}{section.1}% 6
\BOOKMARK [2][-]{subsection.1.5}{\376\377\000V\000a\000l\000i\000d\000a\000t\000i\000o\000n\000,\000\040\000i\000n\000\040\000o\000n\000e\000\040\000l\000i\000n\000e\000\040\000e\000a\000c\000h}{section.1}% 7
\BOOKMARK [2][-]{subsection.1.6}{\376\377\000T\000h\000e\000\040\000h\000o\000n\000e\000s\000t\000\040\000c\000a\000v\000e\000a\000t\000s}{section.1}% 8
\BOOKMARK [2][-]{subsection.1.7}{\376\377\000R\000e\000l\000a\000t\000i\000o\000n\000\040\000t\000o\000\040\000t\000h\000e\000\040\000e\000c\000o\000n\000o\000m\000i\000c\000s\000\040\000l\000i\000t\000e\000r\000a\000t\000u\000r\000e}{section.1}% 9
\BOOKMARK [1][-]{section.2}{\376\377\000T\000h\000e\000\040\000m\000e\000a\000s\000u\000r\000e\000\040\000i\000n\000\040\000o\000n\000e\000\040\000p\000a\000g\000e}{part.1}% 10
\BOOKMARK [1][-]{section.3}{\376\377\000T\000h\000e\000\040\000v\000a\000r\000i\000a\000b\000l\000e\000s\000\040\000a\000n\000d\000\040\000t\000h\000e\000\040\000c\000o\000d\000i\000n\000g\000\040\000r\000u\000l\000e\000s}{part.1}% 11
\BOOKMARK [2][-]{subsection.3.1}{\376\377\000T\000h\000e\000\040\000S\000F\000-\0001\0002\000\040\000p\000h\000y\000s\000i\000c\000a\000l\000\040\000t\000e\000s\000t\000l\000e\000t\000s}{section.3}% 12
\BOOKMARK [2][-]{subsection.3.2}{\376\377\000T\000h\000e\000\040\000i\000m\000p\000a\000i\000r\000m\000e\000n\000t\000\040\000a\000r\000e\000a\000s}{section.3}% 13
\BOOKMARK [2][-]{subsection.3.3}{\376\377\000T\000h\000e\000\040\000c\000o\000n\000d\000i\000t\000i\000o\000n\000\040\000c\000o\000u\000n\000t}{section.3}% 14
\BOOKMARK [2][-]{subsection.3.4}{\376\377\000C\000a\000t\000e\000g\000o\000r\000y\000\040\000u\000s\000e}{section.3}% 15
\BOOKMARK [1][-]{section.4}{\376\377\000T\000h\000e\000\040\000m\000o\000d\000e\000l}{part.1}% 16
\BOOKMARK [2][-]{subsection.4.1}{\376\377\000G\000r\000a\000d\000e\000d\000\040\000r\000e\000s\000p\000o\000n\000s\000e}{section.4}% 17
\BOOKMARK [2][-]{subsection.4.2}{\376\377\000W\000h\000y\000\040\000t\000h\000e\000\040\000g\000r\000a\000d\000e\000d\000-\000r\000e\000s\000p\000o\000n\000s\000e\000\040\000m\000o\000d\000e\000l\000\040\000a\000n\000d\000\040\000n\000o\000t\000\040\000t\000h\000e\000\040\000p\000a\000r\000t\000i\000a\000l\000-\000c\000r\000e\000d\000i\000t\000\040\000o\000n\000e}{section.4}% 18
\BOOKMARK [2][-]{subsection.4.3}{\376\377\000L\000o\000c\000a\000l\000\040\000d\000e\000p\000e\000n\000d\000e\000n\000c\000e}{section.4}% 19
\BOOKMARK [2][-]{subsection.4.4}{\376\377\000T\000h\000e\000\040\000a\000g\000e\000\040\000p\000r\000o\000f\000i\000l\000e}{section.4}% 20
\BOOKMARK [1][-]{section.5}{\376\377\000T\000h\000e\000\040\000t\000h\000r\000e\000e\000\040\000v\000a\000r\000i\000a\000n\000t\000s}{part.1}% 21
\BOOKMARK [2][-]{subsection.5.1}{\376\377\000\040\000a\000n\000d\000\040\000h}{section.5}% 22
\BOOKMARK [2][-]{subsection.5.2}{\376\377\000T\000h\000e\000\040\000t\000e\000n\000-\000d\000e\000f\000i\000c\000i\000t\000\040\000i\000n\000d\000e\000x}{section.5}% 23
\BOOKMARK [1][-]{section.6}{\376\377\000W\000h\000a\000t\000\040\000t\000h\000e\000\040\000m\000e\000a\000s\000u\000r\000e\000\040\000d\000e\000l\000i\000v\000e\000r\000s}{part.1}% 24
\BOOKMARK [2][-]{subsection.6.1}{\376\377\000N\000o\000\040\000f\000l\000o\000o\000r\000,\000\040\000a\000n\000d\000\040\000n\000o\000\040\000d\000i\000s\000c\000r\000e\000t\000e\000n\000e\000s\000s\000\040\000t\000h\000a\000t\000\040\000b\000i\000t\000e\000s}{section.6}% 25
\BOOKMARK [2][-]{subsection.6.2}{\376\377\000C\000o\000n\000v\000e\000x\000i\000t\000y\000\040\000i\000n\000\040\000c\000o\000s\000t}{section.6}% 26
\BOOKMARK [2][-]{subsection.6.3}{\376\377\000I\000n\000\040\000p\000o\000u\000n\000d\000s\000,\000\040\000a\000g\000e\000-\000i\000n\000v\000a\000r\000i\000a\000n\000c\000e\000\040\000h\000o\000l\000d\000s\000\040\000o\000n\000\040\000e\000v\000e\000r\000y\000\040\000s\000c\000a\000l\000e}{section.6}% 27
\BOOKMARK [2][-]{subsection.6.4}{\376\377\000I\000d\000e\000n\000t\000i\000f\000i\000c\000a\000t\000i\000o\000n}{section.6}% 28
\BOOKMARK [2][-]{subsection.6.5}{\376\377\000M\000o\000r\000t\000a\000l\000i\000t\000y}{section.6}% 29
\BOOKMARK [2][-]{subsection.6.6}{\376\377\000A\000\040\000l\000i\000n\000e\000a\000r\000\040\000f\000a\000c\000t\000o\000r\000\040\000m\000o\000d\000e\000l\000\040\000l\000a\000n\000d\000s\000\040\000w\000i\000t\000h\000\040\000h}{section.6}% 30
\BOOKMARK [2][-]{subsection.6.7}{\376\377\000A\000\040\000s\000i\000m\000p\000l\000e\000r\000\040\000v\000e\000r\000s\000i\000o\000n\000\040\000r\000e\000a\000c\000h\000e\000s\000\040\000t\000h\000e\000\040\000s\000a\000m\000e\000\040\000c\000o\000n\000c\000l\000u\000s\000i\000o\000n\000s}{section.6}% 31
\BOOKMARK [0][-]{part.2}{\376\377\000I\000I\000\040\000T\000h\000e\000\040\000c\000o\000s\000t\000\040\000i\000n\000d\000e\000x}{}% 32
\BOOKMARK [1][-]{section.7}{\376\377\000W\000h\000a\000t\000\040\000i\000t\000\040\000i\000s}{part.2}% 33
\BOOKMARK [1][-]{section.8}{\376\377\000I\000n\000g\000r\000e\000d\000i\000e\000n\000t\000s}{part.2}% 34
\BOOKMARK [1][-]{section.9}{\376\377\000C\000o\000n\000s\000t\000r\000u\000c\000t\000i\000o\000n}{part.2}% 35
\BOOKMARK [2][-]{subsection.9.1}{\376\377\000T\000h\000e\000\040\000f\000l\000a\000t\000-\000r\000a\000t\000e\000\040\000i\000n\000d\000e\000x}{section.9}% 36
\BOOKMARK [2][-]{subsection.9.2}{\376\377\000C\000o\000n\000d\000i\000t\000i\000o\000n\000\040\000w\000e\000i\000g\000h\000t\000i\000n\000g}{section.9}% 37
\BOOKMARK [1][-]{section.10}{\376\377\000V\000a\000l\000i\000d\000a\000t\000i\000o\000n\000\040\000a\000g\000a\000i\000n\000s\000t\000\040\000p\000u\000b\000l\000i\000s\000h\000e\000d\000\040\000p\000r\000o\000f\000i\000l\000e\000s}{part.2}% 38
\BOOKMARK [1][-]{section.11}{\376\377\000C\000o\000n\000v\000e\000x\000i\000t\000y\000\040\000i\000n\000\040\000p\000o\000u\000n\000d\000s\000,\000\040\000a\000n\000d\000\040\000w\000h\000e\000t\000h\000e\000r\000\040\000h\000e\000a\000l\000t\000h\000\040\000m\000a\000t\000t\000e\000r\000s\000\040\000m\000o\000r\000e\000\040\000w\000i\000t\000h\000\040\000a\000g\000e}{part.2}% 39
\BOOKMARK [1][-]{section.12}{\376\377\000W\000h\000a\000t\000\040\000t\000h\000e\000\040\000i\000n\000d\000e\000x\000\040\000c\000a\000n\000n\000o\000t\000\040\000d\000o}{part.2}% 40
\BOOKMARK [1][-]{section.13}{\376\377\000R\000e\000p\000r\000o\000d\000u\000c\000i\000n\000g\000\040\000i\000t}{part.2}% 41
\BOOKMARK [1][-]{appendix.A}{\376\377\000T\000h\000e\000\040\000w\000e\000i\000g\000h\000t\000e\000d\000\040\000s\000u\000m\000\040\000b\000e\000h\000i\000n\000d\000\040\000h}{part.2}% 42
\BOOKMARK [1][-]{appendix.B}{\376\377\000R\000e\000l\000a\000t\000i\000o\000n\000\040\000t\000o\000\040\000w\000h\000a\000t\000\040\000i\000s\000\040\000u\000s\000e\000d\000\040\000e\000l\000s\000e\000w\000h\000e\000r\000e}{part.2}% 43
