\BOOKMARK [1][-]{section.1}{\376\377\000T\000h\000e\000\040\000v\000a\000r\000i\000a\000b\000l\000e\000\040\000i\000n\000v\000e\000n\000t\000o\000r\000y}{}% 1
\BOOKMARK [1][-]{section.2}{\376\377\000C\000h\000r\000o\000n\000i\000c\000\040\000c\000o\000n\000d\000i\000t\000i\000o\000n\000s}{}% 2
\BOOKMARK [2][-]{subsection.2.1}{\376\377\000C\000o\000n\000s\000t\000r\000u\000c\000t\000i\000o\000n}{section.2}% 3
\BOOKMARK [2][-]{subsection.2.2}{\376\377\000W\000h\000y\000\040\000`\000`\000e\000v\000e\000r\000'\000'\000,\000\040\000n\000o\000t\000\040\000`\000`\000c\000u\000r\000r\000e\000n\000t\000'\000'}{section.2}% 4
\BOOKMARK [2][-]{subsection.2.3}{\376\377\000W\000h\000y\000\040\000g\000r\000o\000u\000p\000e\000d\000,\000\040\000n\000o\000t\000\040\000s\000e\000v\000e\000n\000t\000e\000e\000n\000\040\000i\000n\000d\000i\000c\000a\000t\000o\000r\000s}{section.2}% 5
\BOOKMARK [2][-]{subsection.2.4}{\376\377\000D\000i\000a\000g\000n\000o\000s\000i\000s\000\040\000t\000i\000m\000i\000n\000g}{section.2}% 6
\BOOKMARK [1][-]{section.3}{\376\377\000T\000h\000e\000\040\000g\000r\000a\000d\000e\000d\000-\000r\000e\000s\000p\000o\000n\000s\000e\000\040\000m\000e\000a\000s\000u\000r\000e\000s}{}% 7
\BOOKMARK [2][-]{subsection.3.1}{\376\377\000W\000h\000y\000\040\000s\000e\000p\000a\000r\000a\000t\000e\000\040\000p\000h\000y\000s\000i\000c\000a\000l\000\040\000a\000n\000d\000\040\000m\000e\000n\000t\000a\000l\000\040\000b\000a\000n\000k\000s}{section.3}% 8
\BOOKMARK [2][-]{subsection.3.2}{\376\377\000T\000h\000e\000\040\000b\000a\000n\000k\000s}{section.3}% 9
\BOOKMARK [2][-]{subsection.3.3}{\376\377\000E\000s\000t\000i\000m\000a\000t\000i\000o\000n\000\040\000a\000n\000d\000\040\000d\000i\000a\000g\000n\000o\000s\000t\000i\000c\000s}{section.3}% 10
\BOOKMARK [2][-]{subsection.3.4}{\376\377\000R\000o\000u\000t\000i\000n\000g\000:\000\040\000w\000h\000o\000\040\000i\000s\000\040\000a\000s\000k\000e\000d\000\040\000w\000h\000a\000t}{section.3}% 11
\BOOKMARK [1][-]{section.4}{\376\377\000H\000o\000w\000\040\000t\000h\000e\000\040\000m\000e\000a\000s\000u\000r\000e\000s\000\040\000r\000e\000l\000a\000t\000e}{}% 12
\BOOKMARK [1][-]{section.5}{\376\377\000T\000h\000e\000\040\000e\000v\000e\000r\000-\000d\000i\000a\000g\000n\000o\000s\000i\000s\000\040\000q\000u\000e\000s\000t\000i\000o\000n\000,\000\040\000r\000e\000s\000o\000l\000v\000e\000d}{}% 13
\BOOKMARK [1][-]{section.6}{\376\377\000O\000n\000e\000\040\000d\000i\000m\000e\000n\000s\000i\000o\000n\000\040\000o\000r\000\040\000t\000w\000o\000?\000\040\000T\000h\000e\000\040\000c\000o\000m\000b\000i\000n\000e\000d\000\040\000G\000R\000M}{}% 14
\BOOKMARK [1][-]{section.7}{\376\377\000C\000e\000i\000l\000i\000n\000g\000\040\000a\000n\000d\000\040\000f\000l\000o\000o\000r}{}% 15
\BOOKMARK [1][-]{section.8}{\376\377\000C\000o\000n\000v\000e\000x\000i\000t\000y\000\040\000a\000g\000a\000i\000n\000s\000t\000\040\000h\000e\000a\000l\000t\000h\000c\000a\000r\000e\000\040\000u\000s\000e}{}% 16
\BOOKMARK [2][-]{subsection.8.1}{\376\377\000H\000o\000w\000\040\000m\000u\000c\000h\000\040\000o\000f\000\040\000t\000h\000a\000t\000\040\000c\000o\000n\000v\000e\000x\000i\000t\000y\000\040\000i\000s\000\040\000r\000e\000a\000l\000?}{section.8}% 17
\BOOKMARK [2][-]{subsection.8.2}{\376\377\000I\000f\000\040\000t\000h\000e\000\040\000o\000b\000j\000e\000c\000t\000\040\000i\000s\000\040\000e\000x\000p\000e\000c\000t\000e\000d\000\040\000c\000o\000s\000t}{section.8}% 18
\BOOKMARK [2][-]{subsection.8.3}{\376\377\000H\000o\000w\000\040\000f\000a\000r\000\040\000U\000K\000H\000L\000S\000\040\000c\000a\000n\000\040\000g\000o\000,\000\040\000a\000n\000d\000\040\000w\000h\000a\000t\000\040\000l\000i\000n\000k\000a\000g\000e\000\040\000w\000o\000u\000l\000d\000\040\000a\000d\000d}{section.8}% 19
\BOOKMARK [2][-]{subsection.8.4}{\376\377\000W\000h\000a\000t\000\040\000t\000h\000e\000\040\000l\000i\000t\000e\000r\000a\000t\000u\000r\000e\000\040\000a\000c\000t\000u\000a\000l\000l\000y\000\040\000e\000s\000t\000a\000b\000l\000i\000s\000h\000e\000s}{section.8}% 20
\BOOKMARK [1][-]{section.9}{\376\377\000L\000a\000t\000e\000n\000t\000-\000c\000l\000a\000s\000s\000\040\000t\000r\000a\000j\000e\000c\000t\000o\000r\000i\000e\000s\000\040\000u\000n\000d\000e\000r\000\040\000A\000R\000\050\0001\000\051\000\040\000p\000e\000r\000s\000i\000s\000t\000e\000n\000c\000e}{}% 21
\BOOKMARK [1][-]{section.10}{\376\377\000F\000o\000u\000r\000\040\000c\000l\000a\000s\000s\000e\000s\000\040\000u\000n\000d\000e\000r\000\040\000t\000h\000e\000\040\000s\000t\000a\000t\000e\000-\000s\000p\000a\000c\000e\000\040\000s\000p\000e\000c\000i\000f\000i\000c\000a\000t\000i\000o\000n}{}% 22
\BOOKMARK [1][-]{section.11}{\376\377\000T\000o\000w\000a\000r\000d\000s\000\040\000a\000\040\000m\000u\000l\000t\000i\000d\000i\000m\000e\000n\000s\000i\000o\000n\000a\000l\000\040\000m\000o\000d\000e\000l}{}% 23
\BOOKMARK [1][-]{section.12}{\376\377\000T\000h\000e\000\040\000m\000u\000l\000t\000i\000d\000i\000m\000e\000n\000s\000i\000o\000n\000a\000l\000\040\000m\000o\000d\000e\000l}{}% 24
\BOOKMARK [1][-]{section.13}{\376\377\000P\000r\000e\000d\000i\000c\000t\000i\000n\000g\000\040\000o\000u\000t\000c\000o\000m\000e\000s\000\040\000t\000h\000e\000\040\000m\000o\000d\000e\000l\000s\000\040\000n\000e\000v\000e\000r\000\040\000s\000a\000w}{}% 25
\BOOKMARK [1][-]{section.14}{\376\377\000A\000\040\000c\000o\000s\000t\000\040\000p\000r\000o\000x\000y\000,\000\040\000a\000n\000d\000\040\000w\000h\000e\000t\000h\000e\000r\000\040\000h\000e\000a\000l\000t\000h\000\040\000m\000a\000t\000t\000e\000r\000s\000\040\000m\000o\000r\000e\000\040\000w\000i\000t\000h\000\040\000a\000g\000e}{}% 26
\BOOKMARK [2][-]{subsection.14.1}{\376\377\000C\000o\000n\000v\000e\000x\000i\000t\000y\000\040\000w\000h\000e\000n\000\040\000t\000h\000e\000\040\000v\000e\000r\000t\000i\000c\000a\000l\000\040\000a\000x\000i\000s\000\040\000i\000s\000\040\000m\000o\000n\000e\000y}{section.14}% 27
\BOOKMARK [2][-]{subsection.14.2}{\376\377\000D\000o\000e\000s\000\040\000t\000h\000e\000\040\000h\000e\000a\000l\000t\000h\040\023\000c\000o\000s\000t\000\040\000r\000e\000l\000a\000t\000i\000o\000n\000s\000h\000i\000p\000\040\000c\000h\000a\000n\000g\000e\000\040\000w\000i\000t\000h\000\040\000a\000g\000e\000?}{section.14}% 28
\BOOKMARK [1][-]{section.15}{\376\377\000P\000h\000y\000s\000i\000c\000a\000l\000\040\000S\000F\000-\0001\0002\000\040\000p\000l\000u\000s\000\040\000l\000i\000m\000i\000t\000a\000t\000i\000o\000n\000s\000:\000\040\000s\000i\000x\000\040\000b\000a\000n\000k\000s\000,\000\040\000t\000w\000o\000\040\000m\000o\000d\000e\000l\000s}{}% 29
\BOOKMARK [2][-]{subsection.15.1}{\376\377\000T\000h\000e\000\040\000b\000a\000n\000k\000s}{section.15}% 30
\BOOKMARK [2][-]{subsection.15.2}{\376\377\000T\000w\000o\000\040\000m\000e\000a\000s\000u\000r\000e\000m\000e\000n\000t\000\040\000m\000o\000d\000e\000l\000s}{section.15}% 31
\BOOKMARK [2][-]{subsection.15.3}{\376\377\000C\000r\000i\000t\000e\000r\000i\000a}{section.15}% 32
\BOOKMARK [2][-]{subsection.15.4}{\376\377\000M\000o\000m\000e\000n\000t\000s\000\040\000o\000r\000\040\000n\000o\000i\000s\000e\000?\000\040\000T\000h\000e\000\040\000e\000s\000t\000i\000m\000a\000t\000o\000r\000s\000\040\000s\000w\000a\000p\000p\000e\000d\000,\000\040\000a\000n\000d\000\040\000C\000a\000s\000e\000\040\0004}{section.15}% 33
\BOOKMARK [2][-]{subsection.15.5}{\376\377\000I\000m\000p\000l\000i\000e\000d\000\040\000w\000e\000i\000g\000h\000t\000s}{section.15}% 34
\BOOKMARK [2][-]{subsection.15.6}{\376\377\000F\000i\000g\000u\000r\000e\000s\000\040\000b\000y\000\040\000b\000a\000n\000k}{section.15}% 35
\BOOKMARK [3][-]{subsubsection.15.6.1}{\376\377\000P\000-\000F\000U\000N\000C}{subsection.15.6}% 36
\BOOKMARK [3][-]{subsubsection.15.6.2}{\376\377\000P\000-\000L\000I\000M\0001}{subsection.15.6}% 37
\BOOKMARK [3][-]{subsubsection.15.6.3}{\376\377\000P\000-\000L\000I\000M}{subsection.15.6}% 38
\BOOKMARK [3][-]{subsubsection.15.6.4}{\376\377\000P\000-\000L\000I\000M\0004}{subsection.15.6}% 39
\BOOKMARK [3][-]{subsubsection.15.6.5}{\376\377\000P\000-\000L\000I\000M\0003}{subsection.15.6}% 40
\BOOKMARK [3][-]{subsubsection.15.6.6}{\376\377\000P\000-\000L\000I\000M\0003\000+\000O}{subsection.15.6}% 41
\BOOKMARK [2][-]{subsection.15.7}{\376\377\000W\000h\000a\000t\000\040\000t\000h\000i\000s\000\040\000s\000u\000g\000g\000e\000s\000t\000s}{section.15}% 42
\BOOKMARK [1][-]{section.16}{\376\377\000A\000d\000d\000i\000n\000g\000\040\000c\000h\000r\000o\000n\000i\000c\000\040\000c\000o\000n\000d\000i\000t\000i\000o\000n\000s\000\040\000t\000o\000\040\000t\000h\000e\000\040\000l\000i\000m\000i\000t\000a\000t\000i\000o\000n\000\040\000b\000a\000n\000k\000s}{}% 43
\BOOKMARK [2][-]{subsection.16.1}{\376\377\000F\000i\000t\000\040\000a\000n\000d\000\040\000l\000o\000c\000a\000l\000\040\000d\000e\000p\000e\000n\000d\000e\000n\000c\000e}{section.16}% 44
\BOOKMARK [2][-]{subsection.16.2}{\376\377\000C\000r\000i\000t\000e\000r\000i\000a\000,\000\040\000w\000i\000t\000h\000\040\000t\000h\000e\000\040\000p\000e\000o\000p\000l\000e\000\040\000h\000e\000l\000d\000\040\000f\000i\000x\000e\000d}{section.16}% 45
\BOOKMARK [2][-]{subsection.16.3}{\376\377\000I\000d\000e\000n\000t\000i\000f\000i\000c\000a\000t\000i\000o\000n\000\040\000u\000n\000d\000e\000r\000\040\000e\000v\000e\000r\000y\000\040\000e\000s\000t\000i\000m\000a\000t\000o\000r}{section.16}% 46
\BOOKMARK [2][-]{subsection.16.4}{\376\377\000H\000o\000w\000\040\000m\000u\000c\000h\000\040\000w\000e\000i\000g\000h\000t\000\040\000t\000h\000e\000\040\000c\000o\000n\000d\000i\000t\000i\000o\000n\000s\000\040\000g\000e\000t}{section.16}% 47
\BOOKMARK [2][-]{subsection.16.5}{\376\377\000F\000i\000g\000u\000r\000e\000s\000\040\000b\000y\000\040\000b\000a\000n\000k}{section.16}% 48
\BOOKMARK [3][-]{subsubsection.16.5.1}{\376\377\000P\000-\000L\000I\000M\0001\000\040\000w\000i\000t\000h\000\040\000c\000o\000n\000d\000i\000t\000i\000o\000n\000s}{subsection.16.5}% 49
\BOOKMARK [3][-]{subsubsection.16.5.2}{\376\377\000P\000-\000L\000I\000M\000\040\000w\000i\000t\000h\000\040\000c\000o\000n\000d\000i\000t\000i\000o\000n\000s}{subsection.16.5}% 50
\BOOKMARK [3][-]{subsubsection.16.5.3}{\376\377\000P\000-\000L\000I\000M\0004\000\040\000w\000i\000t\000h\000\040\000c\000o\000n\000d\000i\000t\000i\000o\000n\000s}{subsection.16.5}% 51
\BOOKMARK [3][-]{subsubsection.16.5.4}{\376\377\000P\000-\000L\000I\000M\0003\000\040\000w\000i\000t\000h\000\040\000c\000o\000n\000d\000i\000t\000i\000o\000n\000s}{subsection.16.5}% 52
\BOOKMARK [3][-]{subsubsection.16.5.5}{\376\377\000P\000-\000L\000I\000M\0003\000+\000O\000\040\000w\000i\000t\000h\000\040\000c\000o\000n\000d\000i\000t\000i\000o\000n\000s}{subsection.16.5}% 53
\BOOKMARK [2][-]{subsection.16.6}{\376\377\000W\000h\000a\000t\000\040\000t\000h\000i\000s\000\040\000s\000u\000g\000g\000e\000s\000t\000s}{section.16}% 54
\BOOKMARK [1][-]{section.17}{\376\377\000R\000e\000c\000o\000m\000m\000e\000n\000d\000a\000t\000i\000o\000n\000s}{}% 55
\BOOKMARK [1][-]{section.18}{\376\377\000R\000e\000p\000r\000o\000d\000u\000c\000i\000b\000i\000l\000i\000t\000y}{}% 56
